
> library_management_system@1.0.0 test
> jest
